750.000 20.001 10.000 0.000 0.000 0.000 -0.000 0.000 -0.000 0.000
