300.000 0.000 0.000
300.037 0.002 0.001
300.212 0.009 0.005
300.673 0.030 0.015
301.483 0.065 0.034
