300.000 0.000 0.000
300.037 0.002 0.001
300.212 0.009 0.005
300.673 0.030 0.015
301.038 0.046 0.024
301.398 0.061 0.033
301.405 0.061 0.033
301.473 0.064 0.034
